{"logTime": "0127/121328", "correlationVector":"azhO9pMezIQJamYF4WRwCa.1","action":"SyncServerConnectionManagerRequest", "result":"SYNC_SERVER_OK", "context":{"environment":"Prod_francecentral_prod-s01-062-eur-francecentral", "migrationStage":"NotStarted", "server":"akswtt11100000v"}}
{"logTime": "0127/121328", "correlationVector":"azhO9pMezIQJamYF4WRwCa.2","action":"AAD.Mip.Unpack", "result":"Success", "context":MIP_CLOUD_COMMERCIAL:Success}
{"logTime": "0127/121328", "correlationVector":"azhO9pMezIQJamYF4WRwCa.3","action":"EncryptionKeysManager::SetEncryptionKeys:", "result":"Success", "context":Key names[2]:[s/vU+LsKBfbkS9vPnbI2xACh1o4rWnKbTqbBL6VxJcwzpZQesJRtqSk2uGaeY4DWGdqC/NH71PJNoM3inazEiw==][OoDncdQR3kOZu3/p8244YT0qfydL0y9XwLmqt9g/d96heM4fz60qqnJ9SGwm2uV1PU9viQ+98x9vMzmmnupdbA==]}
{"logTime": "0127/121328", "correlationVector":"azhO9pMezIQJamYF4WRwCa.4","action":"AAD.GetKeyResponse", "result":"Success", "context":Keys=2.LastKeyStatus=Active. 2025-09-04 23:54:06 +02.State=None. Tags: Current_encryption_keys_tag = 77+9Te+/ve+/vU1KaBYTA2Yw77+904Z177+977+9aE0U77+9ZVAPKMaPaETvv706, Updated_current_encryption_keys_tag = Empty. Emails: ["minhducjoseph.nguyen@edu.ece.fr"]}
{"logTime": "0127/121328", "correlationVector":"azhO9pMezIQJamYF4WRwCa.5","action":"ProcessGetUpdates", "result":"Done", "context":{"dataType":"Encryption Keys", "deleted":"0", "process_failed_to_decrypt":"0", "process_pending_decryption":"0", "process_success":"1", "total":"1"}}
{"logTime": "0127/121328", "correlationVector":"azhO9pMezIQJamYF4WRwCa","action":"Initial GetUpdates", "result":"", "context":Reason: NEW_CLIENT. cV=azhO9pMezIQJamYF4WRwCa}
{"logTime": "0127/121328", "correlationVector":"azhO9pMezIQJamYF4WRwCa.6","action":"GetUpdates Response", "result":"Success", "context":Received 1 update(s). cV=azhO9pMezIQJamYF4WRwCa.0;server=akswtt11100000v;cloudType=Multitenant;environment=Prod_francecentral_prod-s01-062-eur-francecentral;migrationStage=NotStarted}
{"logTime": "0127/121328", "correlationVector":"vlMM9HBtakyJ6FTaTSp5EG","action":"Initial GetUpdates", "result":"", "context":Reason: NEW_CLIENT. cV=vlMM9HBtakyJ6FTaTSp5EG}
{"logTime": "0127/121329", "correlationVector":"vlMM9HBtakyJ6FTaTSp5EG.1","action":"SyncServerConnectionManagerRequest", "result":"SYNC_SERVER_OK", "context":{"environment":"Prod_francecentral_prod-s01-062-eur-francecentral", "migrationStage":"NotStarted", "server":"akswtt11100000g"}}
{"logTime": "0127/121329", "correlationVector":"vlMM9HBtakyJ6FTaTSp5EG.2","action":"ProcessGetUpdates", "result":"Done", "context":{"dataType":"Preferences", "deleted":"0", "process_failed_to_decrypt":"0", "process_pending_decryption":"0", "process_success":"28", "total":"28"}}
{"logTime": "0127/121329", "correlationVector":"vlMM9HBtakyJ6FTaTSp5EG.3","action":"ProcessGetUpdates", "result":"Done", "context":{"dataType":"Passwords", "deleted":"0", "process_failed_to_decrypt":"0", "process_pending_decryption":"0", "process_success":"1", "total":"1"}}
{"logTime": "0127/121329", "correlationVector":"vlMM9HBtakyJ6FTaTSp5EG.4","action":"GetUpdates Response", "result":"Success", "context":Received 29 update(s). cV=vlMM9HBtakyJ6FTaTSp5EG.0;server=akswtt11100000g;cloudType=Multitenant;environment=Prod_francecentral_prod-s01-062-eur-francecentral;migrationStage=NotStarted}
{"logTime": "0127/121329", "correlationVector":"hZxy0mLA1HZkv2mp2Bj/iL","action":"Initial GetUpdates", "result":"", "context":Reason: NEW_CLIENT. cV=hZxy0mLA1HZkv2mp2Bj/iL}
{"logTime": "0127/121329", "correlationVector":"hZxy0mLA1HZkv2mp2Bj/iL.1","action":"SyncServerConnectionManagerRequest", "result":"SYNC_SERVER_OK", "context":{"environment":"Prod_francecentral_prod-s01-062-eur-francecentral", "migrationStage":"NotStarted", "server":"akswtt11100000v"}}
{"logTime": "0127/121329", "correlationVector":"hZxy0mLA1HZkv2mp2Bj/iL.2","action":"ProcessGetUpdates", "result":"Done", "context":{"dataType":"Bookmarks", "deleted":"0", "process_failed_to_decrypt":"0", "process_pending_decryption":"0", "process_success":"6", "total":"6"}}
{"logTime": "0127/121329", "correlationVector":"hZxy0mLA1HZkv2mp2Bj/iL.3","action":"GetUpdates Response", "result":"Success", "context":Received 6 update(s). cV=hZxy0mLA1HZkv2mp2Bj/iL.0;server=akswtt11100000v;cloudType=Multitenant;environment=Prod_francecentral_prod-s01-062-eur-francecentral;migrationStage=NotStarted}
{"logTime": "0127/121329", "correlationVector":"H9FreqwsU+WhbohYhobJy3","action":"Initial GetUpdates", "result":"", "context":Reason: NEW_CLIENT. cV=H9FreqwsU+WhbohYhobJy3}
{"logTime": "0127/121329", "correlationVector":"H9FreqwsU+WhbohYhobJy3.1","action":"SyncServerConnectionManagerRequest", "result":"SYNC_SERVER_OK", "context":{"environment":"Prod_francecentral_prod-s01-062-eur-francecentral", "migrationStage":"NotStarted", "server":"akswtt11100001g"}}
{"logTime": "0127/121329", "correlationVector":"H9FreqwsU+WhbohYhobJy3.2","action":"ProcessGetUpdates", "result":"Done", "context":{"dataType":"Autofill", "deleted":"0", "process_failed_to_decrypt":"0", "process_pending_decryption":"0", "process_success":"1", "total":"1"}}
{"logTime": "0127/121329", "correlationVector":"H9FreqwsU+WhbohYhobJy3.3","action":"ProcessGetUpdates", "result":"Done", "context":{"dataType":"Sessions", "deleted":"0", "process_failed_to_decrypt":"0", "process_pending_decryption":"0", "process_success":"4", "total":"4"}}
{"logTime": "0127/121329", "correlationVector":"H9FreqwsU+WhbohYhobJy3.4","action":"ProcessGetUpdates", "result":"Done", "context":{"dataType":"Edge Hub App Usage", "deleted":"0", "process_failed_to_decrypt":"0", "process_pending_decryption":"0", "process_success":"1", "total":"1"}}
{"logTime": "0127/121329", "correlationVector":"H9FreqwsU+WhbohYhobJy3.5","action":"GetUpdates Response", "result":"Success", "context":Received 6 update(s). cV=H9FreqwsU+WhbohYhobJy3.0;server=akswtt11100001g;cloudType=Multitenant;environment=Prod_francecentral_prod-s01-062-eur-francecentral;migrationStage=NotStarted}
{"logTime": "0127/121329", "correlationVector":"ZFys+TO1AiQKhxG9SdEnMd","action":"Initial GetUpdates", "result":"", "context":Reason: NEW_CLIENT. cV=ZFys+TO1AiQKhxG9SdEnMd}
{"logTime": "0127/121329", "correlationVector":"ZFys+TO1AiQKhxG9SdEnMd.1","action":"SyncServerConnectionManagerRequest", "result":"SYNC_SERVER_OK", "context":{"environment":"Prod_francecentral_prod-s01-062-eur-francecentral", "migrationStage":"NotStarted", "server":"akswtt11100001g"}}
{"logTime": "0127/121329", "correlationVector":"ZFys+TO1AiQKhxG9SdEnMd.2","action":"ProcessGetUpdates", "result":"Done", "context":{"dataType":"History", "deleted":"0", "process_failed_to_decrypt":"0", "process_pending_decryption":"0", "process_success":"2", "total":"2"}}
{"logTime": "0127/121329", "correlationVector":"ZFys+TO1AiQKhxG9SdEnMd.3","action":"GetUpdates Response", "result":"Success", "context":Received 2 update(s). cV=ZFys+TO1AiQKhxG9SdEnMd.0;server=akswtt11100001g;cloudType=Multitenant;environment=Prod_francecentral_prod-s01-062-eur-francecentral;migrationStage=NotStarted}
{"logTime": "0127/121329", "correlationVector":"xXQiFLgitJxHH6NuRPZmTJ","action":"Normal GetUpdate request", "result":"", "context":cV=xXQiFLgitJxHH6NuRPZmTJ
Nudged types: Sessions, Device Info, User Consents
Refresh requested types: Bookmarks, Preferences, Passwords, Autofill Profiles, Autofill, Extensions, Sessions, Extension settings, History Delete Directives, Device Info, User Consents, Send Tab To Self, Web Apps, History, Saved Tab Group, WebAuthn Credentials, Collection, Edge E Drop, Edge Hub App Usage, Edge Wallet, Encryption Keys}
{"logTime": "0127/121329", "correlationVector":"xXQiFLgitJxHH6NuRPZmTJ.1","action":"SyncServerConnectionManagerRequest", "result":"SYNC_SERVER_OK", "context":{"environment":"Prod_francecentral_prod-s01-062-eur-francecentral", "migrationStage":"NotStarted", "server":"akswtt11100001g"}}
{"logTime": "0127/121329", "correlationVector":"xXQiFLgitJxHH6NuRPZmTJ.2","action":"GetUpdates Response", "result":"Success", "context":Received 0 update(s). cV=xXQiFLgitJxHH6NuRPZmTJ.0;server=akswtt11100001g;cloudType=Multitenant;environment=Prod_francecentral_prod-s01-062-eur-francecentral;migrationStage=NotStarted}
{"logTime": "0127/121329", "correlationVector":"ux4YBeBlLgzceidTOA69Cd","action":"DoCompareDataConsistency requsted types: ", "result":"Bookmarks, Preferences, Passwords, Extensions, Extension settings, History Delete Directives, Send Tab To Self, Web Apps, History, Saved Tab Group, WebAuthn Credentials, Collection, Edge E Drop, Edge Wallet, Encryption Keys"}
{"logTime": "0127/121329", "correlationVector":"ux4YBeBlLgzceidTOA69Cd.0","action":"CompareDataConsistency result: ", "result":"Compare result: Encryption Keys is consistent. local entities count is: 1 local entities hash is: csMIOR6CkHfYHvJZxCXM1eRSD/g="}
{"logTime": "0127/121329", "correlationVector":"ux4YBeBlLgzceidTOA69Cd.1","action":"CompareDataConsistency result: ", "result":"Compare result: Bookmarks is consistent. local entities count is: 0 local entities hash is: "}
{"logTime": "0127/121329", "correlationVector":"ux4YBeBlLgzceidTOA69Cd.2","action":"CompareDataConsistency result: ", "result":"Compare result: Preferences is consistent. local entities count is: 28 local entities hash is: JZlTGnrIqC72W4PJJrok9katT18="}
{"logTime": "0127/121329", "correlationVector":"ux4YBeBlLgzceidTOA69Cd.3","action":"CompareDataConsistency result: ", "result":"Compare result: Passwords is consistent. local entities count is: 1 local entities hash is: hRunTk5LrP3s+2XwXLIzE3UtD04="}
{"logTime": "0127/121329", "correlationVector":"ux4YBeBlLgzceidTOA69Cd.4","action":"CompareDataConsistency result: ", "result":"Compare result: Extensions is consistent. local entities count is: 0 local entities hash is: "}
{"logTime": "0127/121329", "correlationVector":"ux4YBeBlLgzceidTOA69Cd.5","action":"CompareDataConsistency result: ", "result":"Compare result: Extension settings is consistent. local entities count is: 0 local entities hash is: "}
{"logTime": "0127/121329", "correlationVector":"ux4YBeBlLgzceidTOA69Cd.6","action":"CompareDataConsistency result: ", "result":"Compare result: History Delete Directives is consistent. local entities count is: 0 local entities hash is: "}
{"logTime": "0127/121329", "correlationVector":"ux4YBeBlLgzceidTOA69Cd.7","action":"CompareDataConsistency result: ", "result":"Server did not send this Send Tab To Self local entities count is: 0 local entities hash is: "}
{"logTime": "0127/121329", "correlationVector":"ux4YBeBlLgzceidTOA69Cd.8","action":"CompareDataConsistency result: ", "result":"Compare result: Web Apps is consistent. local entities count is: 0 local entities hash is: "}
{"logTime": "0127/121329", "correlationVector":"ux4YBeBlLgzceidTOA69Cd.9","action":"CompareDataConsistency result: ", "result":"Server did not send this History local entities count is: 0 local entities hash is: "}
{"logTime": "0127/121329", "correlationVector":"ux4YBeBlLgzceidTOA69Cd.10","action":"CompareDataConsistency result: ", "result":"Compare result: Saved Tab Group is consistent. local entities count is: 0 local entities hash is: "}
{"logTime": "0127/121329", "correlationVector":"ux4YBeBlLgzceidTOA69Cd.11","action":"CompareDataConsistency result: ", "result":"Server did not send this WebAuthn Credentials local entities count is: 0 local entities hash is: "}
{"logTime": "0127/121329", "correlationVector":"ux4YBeBlLgzceidTOA69Cd.12","action":"CompareDataConsistency result: ", "result":"Compare result: Collection is consistent. local entities count is: 0 local entities hash is: "}
{"logTime": "0127/121329", "correlationVector":"ux4YBeBlLgzceidTOA69Cd.13","action":"CompareDataConsistency result: ", "result":"Compare result: Edge E Drop is consistent. local entities count is: 0 local entities hash is: "}
{"logTime": "0127/121329", "correlationVector":"ux4YBeBlLgzceidTOA69Cd.14","action":"CompareDataConsistency result: ", "result":"Compare result: Edge Wallet is consistent. local entities count is: 0 local entities hash is: "}
{"logTime": "0127/121329", "correlationVector":"O+300nC0oILuWOJWngGxAe","action":"Commit Request", "result":"", "context":Item count: 4
Contributing types: Sessions, Device Info, User Consents}
{"logTime": "0127/121330", "correlationVector":"O+300nC0oILuWOJWngGxAe.1","action":"SyncServerConnectionManagerRequest", "result":"SYNC_SERVER_OK", "context":{"environment":"Prod_francecentral_prod-s01-062-eur-francecentral", "migrationStage":"NotStarted", "server":"akswtt11100000n"}}
{"logTime": "0127/121330", "correlationVector":"O+300nC0oILuWOJWngGxAe.2","action":"Commit Response", "result":"Success", "context":Result: Success. cV=O+300nC0oILuWOJWngGxAe.0;server=akswtt11100000n;cloudType=Multitenant;environment=Prod_francecentral_prod-s01-062-eur-francecentral;migrationStage=NotStarted}
{"logTime": "0127/121330", "correlationVector":"","action":"DIAGNOSTIC_REQUEST|v1/diagnosticData/Diagnostic.SendCheckResult()|SUCCESS", "result":""}
{"logTime": "0127/121332", "correlationVector":"UnaO3jrY4nXeL6vZogXdmO","action":"Commit Request", "result":"", "context":Item count: 1
Contributing types: Edge Hub App Usage}
{"logTime": "0127/121332", "correlationVector":"UnaO3jrY4nXeL6vZogXdmO.1","action":"SyncServerConnectionManagerRequest", "result":"SYNC_SERVER_OK", "context":{"environment":"Prod_germanywestcentral_prod-s01-011-eur-germanywestcentral", "migrationStage":"NotStarted", "server":"akswtt00100000f"}}
{"logTime": "0127/121332", "correlationVector":"UnaO3jrY4nXeL6vZogXdmO.2","action":"Commit Response", "result":"Success", "context":Result: Success. cV=UnaO3jrY4nXeL6vZogXdmO.0;server=akswtt00100000f;cloudType=Multitenant;environment=Prod_germanywestcentral_prod-s01-011-eur-germanywestcentral;migrationStage=NotStarted}
{"logTime": "0127/121411", "correlationVector":"qoICHhOXHzOIHqe89vLGj2","action":"Commit Request", "result":"", "context":Item count: 3
Contributing types: Sessions, User Consents, History}
{"logTime": "0127/121412", "correlationVector":"qoICHhOXHzOIHqe89vLGj2.1","action":"SyncServerConnectionManagerRequest", "result":"SYNC_SERVER_OK", "context":{"environment":"Prod_francecentral_prod-s01-062-eur-francecentral", "migrationStage":"NotStarted", "server":"akswtt11100000g"}}
{"logTime": "0127/121412", "correlationVector":"qoICHhOXHzOIHqe89vLGj2.2","action":"Commit Response", "result":"Success", "context":Result: Success. cV=qoICHhOXHzOIHqe89vLGj2.0;server=akswtt11100000g;cloudType=Multitenant;environment=Prod_francecentral_prod-s01-062-eur-francecentral;migrationStage=NotStarted}
{"logTime": "0127/121418", "correlationVector":"qwjG5ezvaHqvCcVTlgQP11","action":"Commit Request", "result":"", "context":Item count: 1
Contributing types: Passwords}
{"logTime": "0127/121419", "correlationVector":"qwjG5ezvaHqvCcVTlgQP11.1","action":"SyncServerConnectionManagerRequest", "result":"SYNC_SERVER_OK", "context":{"environment":"Prod_francecentral_prod-s01-062-eur-francecentral", "migrationStage":"NotStarted", "server":"akswtt11100000p"}}
{"logTime": "0127/121419", "correlationVector":"qwjG5ezvaHqvCcVTlgQP11.2","action":"Commit Response", "result":"Success", "context":Result: Success. cV=qwjG5ezvaHqvCcVTlgQP11.0;server=akswtt11100000p;cloudType=Multitenant;environment=Prod_francecentral_prod-s01-062-eur-francecentral;migrationStage=NotStarted}
